api/submissions.ts(40,7): error TS2322: Type 'never[] | PaginatedResponse<SubmissionRecord>' is not assignable to type 'SubmissionRecord[]'.
  Type 'PaginatedResponse<SubmissionRecord>' is missing the following properties from type 'SubmissionRecord[]': length, pop, push, concat, and 35 more.
components/NotificationPanel.tsx(66,47): error TS2551: Property 'getNotifications' does not exist on type '{ fetchNotifications(): Promise<Notification[]>; getUnreadCount(): Promise<number>; }'. Did you mean 'fetchNotifications'?
components/NotificationPanel.tsx(74,57): error TS7006: Parameter 'n' implicitly has an 'any' type.
components/NotificationPanel.tsx(87,35): error TS2339: Property 'markedRead' does not exist on type 'Notification'.
components/NotificationPanel.tsx(90,46): error TS2339: Property 'markAsRead' does not exist on type '{ fetchNotifications(): Promise<Notification[]>; getUnreadCount(): Promise<number>; }'.
components/NotificationPanel.tsx(103,42): error TS2339: Property 'markedRead' does not exist on type 'Notification'.
components/NotificationPanel.tsx(116,62): error TS2339: Property 'markedRead' does not exist on type 'Notification'.
components/NotificationPanel.tsx(120,46): error TS2339: Property 'markAllAsRead' does not exist on type '{ fetchNotifications(): Promise<Notification[]>; getUnreadCount(): Promise<number>; }'.
components/NotificationPanel.tsx(149,54): error TS2339: Property 'deleteNotification' does not exist on type '{ fetchNotifications(): Promise<Notification[]>; getUnreadCount(): Promise<number>; }'.
components/NotificationPanel.tsx(155,35): error TS2339: Property 'markedRead' does not exist on type 'Notification'.
components/NotificationPanel.tsx(157,52): error TS2339: Property 'markedRead' does not exist on type 'Notification'.
components/NotificationPanel.tsx(178,16): error TS2345: Argument of type '"common.status.recent"' is not assignable to parameter of type 'TranslationKey'.
components/NotificationPanel.tsx(191,15): error TS2339: Property 'markedRead' does not exist on type 'Notification'.
components/NotificationPanel.tsx(200,37): error TS2339: Property 'markedRead' does not exist on type 'Notification'.
components/NotificationPanel.tsx(203,30): error TS2339: Property 'createdAt' does not exist on type 'Notification'.
components/NotificationPanel.tsx(216,17): error TS2339: Property 'markedRead' does not exist on type 'Notification'.
components/NotificationPanel.tsx(218,17): error TS2339: Property 'alertMessage' does not exist on type 'Notification'.
components/NotificationPanel.tsx(221,16): error TS2339: Property 'markedRead' does not exist on type 'Notification'.
components/NotificationPanel.tsx(272,41): error TS2339: Property 'markedRead' does not exist on type 'Notification'.
components/NotificationPanel.tsx(296,29): error TS2322: Type '{ message: string; }' is not assignable to type 'IntrinsicAttributes & LoadingSpinnerProps'.
  Property 'message' does not exist on type 'IntrinsicAttributes & LoadingSpinnerProps'.
components/SummaryCards.tsx(8,11): error TS2339: Property 'submissions' does not exist on type 'DataContextType'.
components/SummaryCards.tsx(22,52): error TS7006: Parameter 'submission' implicitly has an 'any' type.
components/SummaryCards.tsx(28,55): error TS7006: Parameter 'total' implicitly has an 'any' type.
components/SummaryCards.tsx(28,62): error TS7006: Parameter 'submission' implicitly has an 'any' type.
components/SummaryCards.tsx(40,51): error TS7006: Parameter 's' implicitly has an 'any' type.
hooks/useErrorHandler.ts(223,7): error TS2322: Type '(error: any, retryCount: number, maxRetries: number) => boolean' is not assignable to type '(error: any) => boolean'.
  Target signature provides too few arguments. Expected 3 or more, but got 1.
hooks/useErrorHandler.ts(231,41): error TS2554: Expected 1 arguments, but got 3.
utils/errorHandler.ts(84,55): error TS2345: Argument of type '{ field: string; message: string; }[] | undefined' is not assignable to parameter of type '{ field: string; message: string; }[]'.
  Type 'undefined' is not assignable to type '{ field: string; message: string; }[]'.
utils/validation.ts(324,11): error TS2339: Property 'username' does not exist on type '{ name: { required: boolean; minLength: number; maxLength: number; }; email: { required: boolean; pattern: RegExp; maxLength: number; }; phone: { pattern: RegExp; maxLength: number; }; address: { ...; }; }'.
utils/validation.ts(325,11): error TS2339: Property 'password' does not exist on type '{ name: { required: boolean; minLength: number; maxLength: number; }; email: { required: boolean; pattern: RegExp; maxLength: number; }; phone: { pattern: RegExp; maxLength: number; }; address: { ...; }; }'.
